MO buffer1 NULL buffer1.v vlg47/buffer1.bin 1461371192
MO buffer2 NULL buffer2.v vlg48/buffer2.bin 1461371192
MO cmpshift NULL cmpshift.v vlg2A/cmpshift.bin 1461371192
MO normalized NULL normalized.v vlg21/normalized.bin 1461371192
MO faddsub NULL faddsub.v vlg09/faddsub.bin 1461371192
MO fpadd NULL fpadd.v vlg07/fpadd.bin 1461371192
